[33mΓ¥»[39m Building...
[32mΓ£ö[39m Building...
[1mInitial chunk files[22m[2m | [22m[1mNames[22m        [2m | [22m [1mRaw size[22m[2m | [22m[1mEstimated transfer size[22m
[32mmain-WJHYGIZT.js[39m   [2m | [22m[2mmain[22m         [2m | [22m[36m265.72 kB[39m[2m | [22m               [36m69.57 kB[39m
[32mstyles-IZJ2G2PF.css[39m[2m | [22m[2mstyles[22m       [2m | [22m[36m230.93 kB[39m[2m | [22m               [36m22.83 kB[39m

[1m [22m                  [2m | [22m[1mInitial total[22m[2m | [22m[1m496.65 kB[22m[2m | [22m               [1m92.40 kB[22m

Application bundle generation failed. [3.980 seconds] - 2026-03-16T08:02:13.121Z

node.exe : [1m[33m[33mΓû▓ 
[43;33m[[43;30mWARNING[43;
33m][0m [1mNG8113: Home is 
not used within the template 
of App[0m [1m[35m[plugin 
angular-compiler][0m
At line:1 char:1
+ & "C:\Program 
Files\nodejs/node.exe" 
"C:\Program 
Files\nodejs/node_mo ...
+ ~~~~~~~~~~~~~~~~~~~~~~~~~~~
~~~~~~~~~~~~~~~~~~~~~~~~~~~~~
~~~~~~~~~~~~~
    + CategoryInfo           
   : NotSpecified: ([1m[3  
  3m[33mΓ...r-compiler][   
 0m:String) [], RemoteExc    
eption
    + FullyQualifiedErrorId  
   : NativeCommandError
 

    src/app/app.ts:15:39:
[37m      15 Γöé ...: [Route
rOutlet,Navbar,Footer,[32mHo
me[37m,Portfolio,Technologie
s,Testi...
         Γò╡                 
                 
[32m~~~~[0m


[33mΓû▓ [43;33m[[43;30mWAR
NING[43;33m][0m 
[1mNG8113: Portfolio is not 
used within the template of 
App[0m [1m[35m[plugin 
angular-compiler][0m

    src/app/app.ts:15:44:
[37m      15 Γöé ...rOutlet,
Navbar,Footer,Home,[32mPortf
olio[37m,Technologies,Testim
onials,...
         Γò╡                 
              
[32m~~~~~~~~~[0m


[33mΓû▓ [43;33m[[43;30mWAR
NING[43;33m][0m 
[1mNG8113: Technologies is 
not used within the template 
of App[0m [1m[35m[plugin 
angular-compiler][0m

    src/app/app.ts:15:54:
[37m      15 Γöé ...bar,Foot
er,Home,Portfolio,[32mTechno
logies[37m,Testimonials,Care
ers,Pro...
         Γò╡                 
             
[32m~~~~~~~~~~~~[0m


[33mΓû▓ [43;33m[[43;30mWAR
NING[43;33m][0m 
[1mNG8113: Testimonials is 
not used within the template 
of App[0m [1m[35m[plugin 
angular-compiler][0m

    src/app/app.ts:15:67:
[37m      15 Γöé ...,Home,Po
rtfolio,Technologies,[32mTes
timonials[37m,Careers,Produc
tDetails],
         Γò╡                 
                
[32m~~~~~~~~~~~~[0m


[33mΓû▓ [43;33m[[43;30mWAR
NING[43;33m][0m 
[1mNG8113: Careers is not 
used within the template of 
App[0m [1m[35m[plugin 
angular-compiler][0m

    src/app/app.ts:15:80:
[37m      15 Γöé ...,Home,Po
rtfolio,Technologies,Testimon
ials,[32mCareers[37m,Produc
tDetails],
         Γò╡                 
                             
[32m~~~~~~~[0m


[33mΓû▓ [43;33m[[43;30mWAR
NING[43;33m][0m 
[1mNG8113: ProductDetails 
is not used within the 
template of App[0m 
[1m[35m[plugin 
angular-compiler][0m

    src/app/app.ts:15:88:
[37m      15 Γöé ...,Home,Po
rtfolio,Technologies,Testimon
ials,Careers,[32mProductDeta
ils[37m],
         Γò╡                 
                             
        
[32m~~~~~~~~~~~~~~[0m


[33mΓû▓ [43;33m[[43;30mWAR
NING[43;33m][0m [1msrc/app
/contact/contact.css 
exceeded maximum budget. 
Budget 4.00 kB was not met 
by 5.37 kB with a total of 
9.37 kB.[0m

[39m[22m
[1m[31m[31mX [41;31m[[41
;97mERROR[41;31m][0m [1msr
c/app/contact/contact.css 
exceeded maximum budget. 
Budget 8.00 kB was not met 
by 1.37 kB with a total of 
9.37 kB.[0m

[39m[22m
